Microsoft Windows [Version 10.0.19045.3693]
(c) Microsoft Corporation. All rights reserved.

D:\MyProject\key>keytool -list -v -keystore debug.keystore -alias jaheshkey -storepass ms66vm -keypass ms66vm
keytool error: java.lang.Exception: Keystore file does not exist: debug.keystore
java.lang.Exception: Keystore file does not exist: debug.keystore
        at sun.security.tools.keytool.Main.doCommands(Unknown Source)
        at sun.security.tools.keytool.Main.run(Unknown Source)
        at sun.security.tools.keytool.Main.main(Unknown Source)

D:\MyProject\key>keytool -list -v -keystore keystore -alias jaheshkey -storepass ms66vm -keypass ms66vm
keytool error: java.lang.Exception: Keystore file does not exist: keystore
java.lang.Exception: Keystore file does not exist: keystore
        at sun.security.tools.keytool.Main.doCommands(Unknown Source)
        at sun.security.tools.keytool.Main.run(Unknown Source)
        at sun.security.tools.keytool.Main.main(Unknown Source)

D:\MyProject\key>keytool -list -v -keystore -alias jaheshkey -storepass ms66vm -keypass ms66vm
Illegal option:  jaheshkey
keytool -list [OPTION]...

Lists entries in a keystore

Options:

 -rfc                            output in RFC style
 -alias <alias>                  alias name of the entry to process
 -keystore <keystore>            keystore name
 -storepass <arg>                keystore password
 -storetype <storetype>          keystore type
 -providername <providername>    provider name
 -providerclass <providerclass>  provider class name
 -providerarg <arg>              provider argument
 -providerpath <pathlist>        provider classpath
 -v                              verbose output
 -protected                      password through protected mechanism

Use "keytool -help" for all available commands

D:\MyProject\key>keytool -list -v -keystore jahesh -alias jaheshkey -storepass ms66vm -keypass ms66vm
keytool error: java.lang.Exception: Keystore file exists, but is empty: jahesh
java.lang.Exception: Keystore file exists, but is empty: jahesh
        at sun.security.tools.keytool.Main.doCommands(Unknown Source)
        at sun.security.tools.keytool.Main.run(Unknown Source)
        at sun.security.tools.keytool.Main.main(Unknown Source)

D:\MyProject\key>keytool -list -v -keystore debug.keystore -alias jaheshkey -storepass ms66vm -keypass ms66vm asdas
Illegal option:  asdas
keytool -list [OPTION]...

Lists entries in a keystore

Options:

 -rfc                            output in RFC style
 -alias <alias>                  alias name of the entry to process
 -keystore <keystore>            keystore name
 -storepass <arg>                keystore password
 -storetype <storetype>          keystore type
 -providername <providername>    provider name
 -providerclass <providerclass>  provider class name
 -providerarg <arg>              provider argument
 -providerpath <pathlist>        provider classpath
 -v                              verbose output
 -protected                      password through protected mechanism

Use "keytool -help" for all available commands

D:\MyProject\key>keytool -list -v -keystore debug.keystore -alias jaheshkey -storepass ms66vm -keypass ms66vm asdas
Illegal option:  asdas
keytool -list [OPTION]...

Lists entries in a keystore

Options:

 -rfc                            output in RFC style
 -alias <alias>                  alias name of the entry to process
 -keystore <keystore>            keystore name
 -storepass <arg>                keystore password
 -storetype <storetype>          keystore type
 -providername <providername>    provider name
 -providerclass <providerclass>  provider class name
 -providerarg <arg>              provider argument
 -providerpath <pathlist>        provider classpath
 -v                              verbose output
 -protected                      password through protected mechanism

Use "keytool -help" for all available commands

D:\MyProject\key>keytool -genkey -v -keystore debug.keystore -storepass ms66vm -alias signkey -keypass ms66vm -keyalg RSA -keysize 2048 -validity 10000
What is your first and last name?
  [Unknown]:  hamed
What is the name of your organizational unit?
  [Unknown]:  sadeghi
What is the name of your organization?
  [Unknown]:  yeksa
What is the name of your City or Locality?
  [Unknown]:  isfahan
What is the name of your State or Province?
  [Unknown]:  esfahan
What is the two-letter country code for this unit?
  [Unknown]:  98
Is CN=hamed, OU=sadeghi, O=yeksa, L=isfahan, ST=esfahan, C=98 correct?
  [no]:  yes

Generating 2,048 bit RSA key pair and self-signed certificate (SHA256withRSA) with a validity of 10,000 days
        for: CN=hamed, OU=sadeghi, O=yeksa, L=isfahan, ST=esfahan, C=98
[Storing debug.keystore]

Warning:
The JKS keystore uses a proprietary format. It is recommended to migrate to PKCS12 which is an industry standard format using "keytool -importkeystore -srckeystore debug.keystore -destkeystore debug.keystore -deststoretype pkcs12".

D:\MyProject\key>keytool -genkey -v -keystore jaheshkey -storepass ms66vm -alias jahesh -keypass ms66vm -keyalg RSA -keysize 2048 -validity 10000
What is your first and last name?
  [Unknown]:  hamed
What is the name of your organizational unit?
  [Unknown]:  mobile
What is the name of your organization?
  [Unknown]:  yeksaco
What is the name of your City or Locality?
  [Unknown]:  isfahan
What is the name of your State or Province?
  [Unknown]:  isfahan
What is the two-letter country code for this unit?
  [Unknown]:  98
Is CN=hamed, OU=mobile, O=yeksaco, L=isfahan, ST=isfahan, C=98 correct?
  [no]:  yes

Generating 2,048 bit RSA key pair and self-signed certificate (SHA256withRSA) with a validity of 10,000 days
        for: CN=hamed, OU=mobile, O=yeksaco, L=isfahan, ST=isfahan, C=98
[Storing jaheshkey]

Warning:
The JKS keystore uses a proprietary format. It is recommended to migrate to PKCS12 which is an industry standard format using "keytool -importkeystore -srckeystore jaheshkey -destkeystore jaheshkey -deststoretype pkcs12".

D:\MyProject\key>

D:\MyProject\key>